[     363ms] [INFO] %cDownload the React DevTools for a better development experience: https://react.dev/link/react-devtools font-weight:bold @ http://localhost:3000/_next/static/chunks/node_modules_next_dist_1ybzpk2._.js:2477
[     407ms] [ERROR] Failed to load resource: the server responded with a status of 404 (Not Found) @ http://localhost:3000/fonts/circular-book.woff2:0
[     408ms] [ERROR] Failed to load resource: the server responded with a status of 404 (Not Found) @ http://localhost:3000/fonts/circular-medium.woff2:0
[     408ms] [ERROR] Failed to load resource: the server responded with a status of 404 (Not Found) @ http://localhost:3000/fonts/circular-bold.woff2:0
[     413ms] [LOG] [HMR] connected @ http://localhost:3000/_next/static/chunks/node_modules_next_dist_1ybzpk2._.js:2477
[  491031ms] [LOG] [HMR] connected @ http://localhost:3000/_next/static/chunks/node_modules_next_dist_1ybzpk2._.js:2477
[  491215ms] [LOG] [Fast Refresh] rebuilding @ http://localhost:3000/_next/static/chunks/node_modules_next_dist_1ybzpk2._.js:2477
[  491236ms] [LOG] [Fast Refresh] done in 121ms @ http://localhost:3000/_next/static/chunks/node_modules_next_dist_1ybzpk2._.js:2477
[  800417ms] [LOG] [HMR] connected @ http://localhost:3000/_next/static/chunks/node_modules_next_dist_1ybzpk2._.js:2477
[40989900ms] [LOG] [HMR] connected @ http://localhost:3000/_next/static/chunks/node_modules_next_dist_1ybzpk2._.js:2477
[40990242ms] [LOG] [Fast Refresh] rebuilding @ http://localhost:3000/_next/static/chunks/node_modules_next_dist_1ybzpk2._.js:2477
[40990500ms] [LOG] [Fast Refresh] done in 359ms @ http://localhost:3000/_next/static/chunks/node_modules_next_dist_1ybzpk2._.js:2477
[96695570ms] [ERROR] WebSocket connection to 'ws://localhost:3000/_next/webpack-hmr?id=pf3NA0_OYpYEzx6vqc3FX' failed: Error in connection establishment: net::ERR_CONNECTION_REFUSED @ http://localhost:3000/_next/static/chunks/node_modules_next_dist_client_0r5nbpw._.js:13422
[96696589ms] [ERROR] WebSocket connection to 'ws://localhost:3000/_next/webpack-hmr?id=pf3NA0_OYpYEzx6vqc3FX' failed: Error in connection establishment: net::ERR_CONNECTION_REFUSED @ http://localhost:3000/_next/static/chunks/node_modules_next_dist_client_0r5nbpw._.js:13422
[96697698ms] [ERROR] WebSocket connection to 'ws://localhost:3000/_next/webpack-hmr?id=pf3NA0_OYpYEzx6vqc3FX' failed: Error in connection establishment: net::ERR_CONNECTION_REFUSED @ http://localhost:3000/_next/static/chunks/node_modules_next_dist_client_0r5nbpw._.js:13422
[96698709ms] [ERROR] WebSocket connection to 'ws://localhost:3000/_next/webpack-hmr?id=pf3NA0_OYpYEzx6vqc3FX' failed: Error in connection establishment: net::ERR_CONNECTION_REFUSED @ http://localhost:3000/_next/static/chunks/node_modules_next_dist_client_0r5nbpw._.js:13422
[96699712ms] [ERROR] WebSocket connection to 'ws://localhost:3000/_next/webpack-hmr?id=pf3NA0_OYpYEzx6vqc3FX' failed: Error in connection establishment: net::ERR_CONNECTION_REFUSED @ http://localhost:3000/_next/static/chunks/node_modules_next_dist_client_0r5nbpw._.js:13422
[96704721ms] [ERROR] WebSocket connection to 'ws://localhost:3000/_next/webpack-hmr?id=pf3NA0_OYpYEzx6vqc3FX' failed: Error in connection establishment: net::ERR_CONNECTION_REFUSED @ http://localhost:3000/_next/static/chunks/node_modules_next_dist_client_0r5nbpw._.js:13422
[96709740ms] [ERROR] WebSocket connection to 'ws://localhost:3000/_next/webpack-hmr?id=pf3NA0_OYpYEzx6vqc3FX' failed: Error in connection establishment: net::ERR_CONNECTION_REFUSED @ http://localhost:3000/_next/static/chunks/node_modules_next_dist_client_0r5nbpw._.js:13422
[96714762ms] [ERROR] WebSocket connection to 'ws://localhost:3000/_next/webpack-hmr?id=pf3NA0_OYpYEzx6vqc3FX' failed: Error in connection establishment: net::ERR_CONNECTION_REFUSED @ http://localhost:3000/_next/static/chunks/node_modules_next_dist_client_0r5nbpw._.js:13422
[96719794ms] [ERROR] WebSocket connection to 'ws://localhost:3000/_next/webpack-hmr?id=pf3NA0_OYpYEzx6vqc3FX' failed: Error in connection establishment: net::ERR_CONNECTION_REFUSED @ http://localhost:3000/_next/static/chunks/node_modules_next_dist_client_0r5nbpw._.js:13422
[96724833ms] [ERROR] WebSocket connection to 'ws://localhost:3000/_next/webpack-hmr?id=pf3NA0_OYpYEzx6vqc3FX' failed: Error in connection establishment: net::ERR_CONNECTION_REFUSED @ http://localhost:3000/_next/static/chunks/node_modules_next_dist_client_0r5nbpw._.js:13422
[96731368ms] [ERROR] WebSocket connection to 'ws://localhost:3000/_next/webpack-hmr?id=pf3NA0_OYpYEzx6vqc3FX' failed: Error in connection establishment: net::ERR_CONNECTION_REFUSED @ http://localhost:3000/_next/static/chunks/node_modules_next_dist_client_0r5nbpw._.js:13422
[96736655ms] [ERROR] WebSocket connection to 'ws://localhost:3000/_next/webpack-hmr?id=pf3NA0_OYpYEzx6vqc3FX' failed: Error in connection establishment: net::ERR_CONNECTION_REFUSED @ http://localhost:3000/_next/static/chunks/node_modules_next_dist_client_0r5nbpw._.js:13422
