[    8476ms] [INFO] %cDownload the React DevTools for a better development experience: https://react.dev/link/react-devtools font-weight:bold @ http://localhost:3000/_next/static/chunks/node_modules_next_dist_1ybzpk2._.js:2477
[    8744ms] [LOG] [HMR] connected @ http://localhost:3000/_next/static/chunks/node_modules_next_dist_1ybzpk2._.js:2477
[    9619ms] [ERROR] Failed to load resource: the server responded with a status of 404 (Not Found) @ http://localhost:3000/fonts/circular-book.woff2:0
[   10214ms] [ERROR] Failed to load resource: the server responded with a status of 404 (Not Found) @ http://localhost:3000/fonts/circular-bold.woff2:0
[   10396ms] [ERROR] Failed to load resource: the server responded with a status of 404 (Not Found) @ http://localhost:3000/fonts/circular-medium.woff2:0
[   10731ms] [LOG] [Fast Refresh] rebuilding @ http://localhost:3000/_next/static/chunks/node_modules_next_dist_1ybzpk2._.js:2477
[   11263ms] [LOG] [Fast Refresh] done in 632ms @ http://localhost:3000/_next/static/chunks/node_modules_next_dist_1ybzpk2._.js:2477
[   11524ms] [ERROR] A tree hydrated but some attributes of the server rendered HTML didn't match the client properties. This won't be patched up. This can happen if a SSR-ed Client Component used:

- A server/client branch `if (typeof window !== 'undefined')`.
- Variable input such as `Date.now()` or `Math.random()` which changes each time it's called.
- Date formatting in a user's locale which doesn't match the server.
- External changing data without sending a snapshot of it along with the HTML.
- Invalid HTML tag nesting.

It can also happen if the client has a browser extension installed which messes with the HTML before React loaded.

%s%s https://react.dev/link/hydration-mismatch 

  ...
    <RedirectBoundary>
      <RedirectErrorBoundary router={{...}}>
        <InnerLayoutRouter url="/" tree={[...]} params={{}} cacheNode={{rsc:{...}, ...}} segmentPath={[...]} ...>
          <SegmentViewNode type="page" pagePath="page.tsx">
            <SegmentTrieNode>
            <Home>
              <div className="page-modul...">
                <nav>
                <section>
                <section>
                <section>
                <section>
                <section className="page-modul...">
                  <div className="page-modul...">
                    <div>
                    <div className="page-modul...">
                      <LineageBloom>
                        <div ref={{current:null}} className={"LineageB..."} role="img" aria-label="A line slo...">
                          <svg className="LineageBlo..." viewBox="0 0 820 560" fill="none" xmlns="http://www...">
                            <g className="LineageBlo...">
                              <path>
                              <path>
                              <path>
                              <path>
                              <path>
                              <path>
                              <path>
                              <path>
                              <path>
                              <path>
                              <path>
                              <path>
                              <path>
                              <path>
                              <path>
                              <path>
                              <path>
                              <path>
                              <path>
                              <path>
                              <path>
                              <path>
                              <path>
                              <path>
                              <path>
                              <path>
                              <path>
                              <path>
                              <path>
                              <path>
                              <path>
                              <path>
                              <path>
                              <path>
                              <path>
                              <path>
                              <path>
                              <path>
                              <path>
                              <path>
                              <path>
                              <path>
                              <path>
                              <path>
                              <path>
                              <path>
                              <path>
                              <path>
                              <path>
                              <path
                                className="LineageBloom-module__rbpKZG__line LineageBloom-module__rbpKZG__e3"
+                               d="M634.2905964780109 140.72505971218573 L729.0045644281932 138.71424861408042"
-                               d="M634.2905964780109 140.72505971218573 L729.0045644281932 138.7142486140804"
                                pathLength={1}
                                style={{--d:"1.722s"}}
                              >
                              ...
                              <circle>
                              <circle>
                              <circle>
                              <circle>
                              <circle>
                              <circle>
                              <circle>
                              <circle>
                              <circle>
                              <circle>
                              <circle>
                              <circle>
                              <circle>
                              <circle>
                              <circle>
                              <circle>
                              <circle>
                              <circle>
                              <circle>
                              <circle>
                              <circle>
                              <circle>
                              <circle>
                              <circle>
                              <circle>
                              <circle>
                              <circle>
                              <circle>
                              <circle>
                              <circle>
                              <circle>
                              <circle>
                              <circle>
                              <circle>
                              <circle>
                              <circle>
                              <circle>
                              <circle>
                              <circle>
                              <circle>
                              <circle>
                              <circle>
                              <circle>
                              <circle>
                              <circle>
                              <circle>
                              <circle>
                              <circle>
                              <circle>
                              <circle
                                className="LineageBloom-module__rbpKZG__node"
                                cx={729.0045644281932}
+                               cy={138.71424861408042}
-                               cy="138.7142486140804"
                                r={1.8}
                                style={{--d:"1.762s"}}
                              >
                              ...
                              ...
                ...
          ...
        ...
 @ http://localhost:3000/_next/static/chunks/node_modules_next_dist_1ybzpk2._.js:3318
[   12371ms] [LOG] [Fast Refresh] rebuilding @ http://localhost:3000/_next/static/chunks/node_modules_next_dist_1ybzpk2._.js:2477
[   12488ms] [LOG] [Fast Refresh] done in 297ms @ http://localhost:3000/_next/static/chunks/node_modules_next_dist_1ybzpk2._.js:2477
[   12646ms] [LOG] [Fast Refresh] rebuilding @ http://localhost:3000/_next/static/chunks/node_modules_next_dist_1ybzpk2._.js:2477
[   13700ms] [LOG] [Fast Refresh] done in 1156ms @ http://localhost:3000/_next/static/chunks/node_modules_next_dist_1ybzpk2._.js:2477
[   75020ms] [LOG] [Fast Refresh] rebuilding @ http://localhost:3000/_next/static/chunks/node_modules_next_dist_1ybzpk2._.js:2477
[   75675ms] [LOG] [Fast Refresh] done in 756ms @ http://localhost:3000/_next/static/chunks/node_modules_next_dist_1ybzpk2._.js:2477
[   79631ms] [LOG] [Fast Refresh] rebuilding @ http://localhost:3000/_next/static/chunks/node_modules_next_dist_1ybzpk2._.js:2477
[   80302ms] [LOG] [Fast Refresh] done in 773ms @ http://localhost:3000/_next/static/chunks/node_modules_next_dist_1ybzpk2._.js:2477
[  168783ms] [LOG] [Fast Refresh] rebuilding @ http://localhost:3000/_next/static/chunks/node_modules_next_dist_1ybzpk2._.js:2477
[  169173ms] [LOG] [Fast Refresh] done in 496ms @ http://localhost:3000/_next/static/chunks/node_modules_next_dist_1ybzpk2._.js:2477
[  169868ms] [LOG] [Fast Refresh] rebuilding @ http://localhost:3000/_next/static/chunks/node_modules_next_dist_1ybzpk2._.js:2477
[  170465ms] [LOG] [Fast Refresh] done in 629ms @ http://localhost:3000/_next/static/chunks/node_modules_next_dist_1ybzpk2._.js:2477
[  175870ms] [LOG] [Fast Refresh] rebuilding @ http://localhost:3000/_next/static/chunks/node_modules_next_dist_1ybzpk2._.js:2477
[  175975ms] [LOG] [Fast Refresh] done in 207ms @ http://localhost:3000/_next/static/chunks/node_modules_next_dist_1ybzpk2._.js:2477
[  176645ms] [LOG] [Fast Refresh] rebuilding @ http://localhost:3000/_next/static/chunks/node_modules_next_dist_1ybzpk2._.js:2477
[  179976ms] [LOG] [Fast Refresh] done in 999ms @ http://localhost:3000/_next/static/chunks/node_modules_next_dist_1ybzpk2._.js:2477
