[     669ms] [INFO] %cDownload the React DevTools for a better development experience: https://react.dev/link/react-devtools font-weight:bold @ http://localhost:3000/_next/static/chunks/node_modules_next_dist_1ybzpk2._.js:2477
[     791ms] [ERROR] Failed to load resource: the server responded with a status of 404 (Not Found) @ http://localhost:3000/fonts/circular-book.woff2:0
[     791ms] [ERROR] Failed to load resource: the server responded with a status of 404 (Not Found) @ http://localhost:3000/fonts/circular-bold.woff2:0
[     791ms] [ERROR] Failed to load resource: the server responded with a status of 404 (Not Found) @ http://localhost:3000/fonts/circular-medium.woff2:0
[     832ms] [LOG] [HMR] connected @ http://localhost:3000/_next/static/chunks/node_modules_next_dist_1ybzpk2._.js:2477
[    1005ms] [ERROR] A tree hydrated but some attributes of the server rendered HTML didn't match the client properties. This won't be patched up. This can happen if a SSR-ed Client Component used:

- A server/client branch `if (typeof window !== 'undefined')`.
- Variable input such as `Date.now()` or `Math.random()` which changes each time it's called.
- Date formatting in a user's locale which doesn't match the server.
- External changing data without sending a snapshot of it along with the HTML.
- Invalid HTML tag nesting.

It can also happen if the client has a browser extension installed which messes with the HTML before React loaded.

%s%s https://react.dev/link/hydration-mismatch 

  ...
    <HTTPAccessFallbackErrorBoundary pathname="/" notFound={{...}} forbidden={undefined} unauthorized={undefined} ...>
      <RedirectBoundary>
        <RedirectErrorBoundary router={{...}}>
          <InnerLayoutRouter url="/" tree={[...]} params={{}} cacheNode={{rsc:{...}, ...}} segmentPath={[...]} ...>
            <SegmentViewNode type="page" pagePath="page.tsx">
              <SegmentTrieNode>
              <Home>
                <div className="page-modul...">
                  <nav>
                  <section>
                  <section>
                  <section>
                  <section>
                  <section className="page-modul...">
                    <div className="page-modul...">
                      <div>
                      <div className="page-modul...">
                        <LineageBloom>
                          <div ref={{current:null}} className={"LineageB..."} role="img" aria-label="A line slo...">
                            <svg className="LineageBlo..." viewBox="0 0 1600 440" fill="none" ...>
                              <line>
                              <line>
                              <line>
                              <line>
                              <line>
                              <line>
                              <line>
                              <line>
                              <line>
                              <line>
                              <line>
                              <line>
                              <line>
                              <line>
                              <line>
                              <line>
                              <line>
                              <line>
                              <line>
                              <line>
                              <line>
                              <line>
                              <line>
                              <line>
                              <line>
                              <line>
                              <line>
                              <line>
                              <line>
                              <line>
                              <line>
                              <line>
                              <line>
                              <line>
                              <line>
                              <line>
                              <line>
                              <line>
                              <line>
                              <line>
                              <line>
                              <line>
                              <line>
                              <line>
                              <line>
                              <line>
                              <line>
                              <line>
                              <line>
                              <line>
                              <line>
                              <line>
                              <line>
                              <line>
                              <line>
                              <line>
                              <line>
                              <line>
                              <line>
                              <line
                                ref={function ref}
                                className="LineageBloom-module__rbpKZG__line LineageBloom-module__rbpKZG__burst"
                                x1={1041.171141796373}
                                y1={171.25036542325032}
+                               x2={1324.2700458176437}
-                               x2="1324.2700458176434"
                                y2={135.90331348371177}
                                pathLength={1}
                                strokeWidth={1.13}
                                strokeOpacity={0.48}
                                style={{--d:"1.631s"}}
                              >
                              ...
                              <circle>
                              <circle>
                              <circle>
                              <circle>
                              <circle>
                              <circle>
                              <circle>
                              <circle>
                              <circle>
                              <circle>
                              <circle>
                              <circle>
                              <circle>
                              <circle>
                              <circle>
                              <circle>
                              <circle>
                              <circle>
                              <circle>
                              <circle>
                              <circle>
                              <circle>
                              <circle>
                              <circle>
                              <circle>
                              <circle>
                              <circle>
                              <circle>
                              <circle>
                              <circle>
                              <circle>
                              <circle>
                              <circle>
                              <circle>
                              <circle>
                              <circle>
                              <circle>
                              <circle>
                              <circle>
                              <circle>
                              <circle>
                              <circle>
                              <circle>
                              <circle>
                              <circle>
                              <circle>
                              <circle>
                              <circle>
                              <circle>
                              <circle>
                              <circle>
                              <circle>
                              <circle>
                              <circle>
                              <circle>
                              <circle>
                              <circle>
                              <circle>
                              <circle>
                              <circle
                                ref={function ref}
                                className="LineageBloom-module__rbpKZG__node"
+                               cx={1324.2700458176437}
-                               cx="1324.2700458176434"
                                cy={135.90331348371177}
                                r={2.3}
                                fillOpacity={0.56}
                                style={{--d:"1.681s"}}
                              >
                              ...
                              ...
                  ...
            ...
          ...
 @ http://localhost:3000/_next/static/chunks/node_modules_next_dist_1ybzpk2._.js:3318
[    1189ms] [LOG] [Fast Refresh] rebuilding @ http://localhost:3000/_next/static/chunks/node_modules_next_dist_1ybzpk2._.js:2477
[    1810ms] [LOG] [Fast Refresh] done in 722ms @ http://localhost:3000/_next/static/chunks/node_modules_next_dist_1ybzpk2._.js:2477
[  143271ms] [LOG] [Fast Refresh] rebuilding @ http://localhost:3000/_next/static/chunks/node_modules_next_dist_1ybzpk2._.js:2477
[  143273ms] [LOG] [Fast Refresh] done in 102ms @ http://localhost:3000/_next/static/chunks/node_modules_next_dist_1ybzpk2._.js:2477
[  278768ms] [LOG] [Fast Refresh] rebuilding @ http://localhost:3000/_next/static/chunks/node_modules_next_dist_1ybzpk2._.js:2477
[  279180ms] [LOG] [Fast Refresh] done in 382ms @ http://localhost:3000/_next/static/chunks/node_modules_next_dist_1ybzpk2._.js:2477
[  282442ms] [LOG] [Fast Refresh] rebuilding @ http://localhost:3000/_next/static/chunks/node_modules_next_dist_1ybzpk2._.js:2477
[  282452ms] [LOG] [Fast Refresh] done in 58ms @ http://localhost:3000/_next/static/chunks/node_modules_next_dist_1ybzpk2._.js:2477
[  294222ms] [LOG] [Fast Refresh] rebuilding @ http://localhost:3000/_next/static/chunks/node_modules_next_dist_1ybzpk2._.js:2477
[  294276ms] [LOG] [Fast Refresh] done in 156ms @ http://localhost:3000/_next/static/chunks/node_modules_next_dist_1ybzpk2._.js:2477
[  303418ms] [LOG] [Fast Refresh] rebuilding @ http://localhost:3000/_next/static/chunks/node_modules_next_dist_1ybzpk2._.js:2477
[  303487ms] [LOG] [Fast Refresh] done in 171ms @ http://localhost:3000/_next/static/chunks/node_modules_next_dist_1ybzpk2._.js:2477
[  304542ms] [LOG] [Fast Refresh] rebuilding @ http://localhost:3000/_next/static/chunks/node_modules_next_dist_1ybzpk2._.js:2477
[  304552ms] [LOG] [Fast Refresh] done in 112ms @ http://localhost:3000/_next/static/chunks/node_modules_next_dist_1ybzpk2._.js:2477
[  426364ms] [LOG] [Fast Refresh] rebuilding @ http://localhost:3000/_next/static/chunks/node_modules_next_dist_1ybzpk2._.js:2477
[  427773ms] [LOG] [Fast Refresh] done in 1525ms @ http://localhost:3000/_next/static/chunks/node_modules_next_dist_1ybzpk2._.js:2477
[  432267ms] [LOG] [Fast Refresh] rebuilding @ http://localhost:3000/_next/static/chunks/node_modules_next_dist_1ybzpk2._.js:2477
[  432292ms] [LOG] [Fast Refresh] done in 95ms @ http://localhost:3000/_next/static/chunks/node_modules_next_dist_1ybzpk2._.js:2477
[  437837ms] [LOG] [Fast Refresh] rebuilding @ http://localhost:3000/_next/static/chunks/node_modules_next_dist_1ybzpk2._.js:2477
[  437866ms] [LOG] [Fast Refresh] done in 15ms @ http://localhost:3000/_next/static/chunks/node_modules_next_dist_1ybzpk2._.js:2477
[  444348ms] [LOG] [Fast Refresh] rebuilding @ http://localhost:3000/_next/static/chunks/node_modules_next_dist_1ybzpk2._.js:2477
[  444464ms] [LOG] [Fast Refresh] done in 81ms @ http://localhost:3000/_next/static/chunks/node_modules_next_dist_1ybzpk2._.js:2477
[  444602ms] [LOG] [Fast Refresh] rebuilding @ http://localhost:3000/_next/static/chunks/node_modules_next_dist_1ybzpk2._.js:2477
[  444637ms] [LOG] [Fast Refresh] done in 137ms @ http://localhost:3000/_next/static/chunks/node_modules_next_dist_1ybzpk2._.js:2477
[  459161ms] [LOG] [Fast Refresh] rebuilding @ http://localhost:3000/_next/static/chunks/node_modules_next_dist_1ybzpk2._.js:2477
[  459827ms] [LOG] [Fast Refresh] done in 671ms @ http://localhost:3000/_next/static/chunks/node_modules_next_dist_1ybzpk2._.js:2477
