[    4328ms] [INFO] %cDownload the React DevTools for a better development experience: https://react.dev/link/react-devtools font-weight:bold @ http://localhost:3457/_next/static/chunks/node_modules_next_dist_1ybzpk2._.js:2477
[    4585ms] [LOG] [HMR] connected @ http://localhost:3457/_next/static/chunks/node_modules_next_dist_1ybzpk2._.js:2477
[   10461ms] [LOG] [Fast Refresh] rebuilding @ http://localhost:3457/_next/static/chunks/node_modules_next_dist_1ybzpk2._.js:2477
[   10480ms] [LOG] [Fast Refresh] done in 124ms @ http://localhost:3457/_next/static/chunks/node_modules_next_dist_1ybzpk2._.js:2477
[  721341ms] [LOG] [Fast Refresh] rebuilding @ http://localhost:3457/_next/static/chunks/node_modules_next_dist_1ybzpk2._.js:2477
[  721402ms] [LOG] [Fast Refresh] done in 195ms @ http://localhost:3457/_next/static/chunks/node_modules_next_dist_1ybzpk2._.js:2477
[  828921ms] [LOG] [Fast Refresh] rebuilding @ http://localhost:3457/_next/static/chunks/node_modules_next_dist_1ybzpk2._.js:2477
[  829982ms] [LOG] [Fast Refresh] done in 1187ms @ http://localhost:3457/_next/static/chunks/node_modules_next_dist_1ybzpk2._.js:2477
[  830937ms] [LOG] [Fast Refresh] rebuilding @ http://localhost:3457/_next/static/chunks/node_modules_next_dist_1ybzpk2._.js:2477
[  831172ms] [LOG] [Fast Refresh] done in 336ms @ http://localhost:3457/_next/static/chunks/node_modules_next_dist_1ybzpk2._.js:2477
[  848288ms] [LOG] [Fast Refresh] rebuilding @ http://localhost:3457/_next/static/chunks/node_modules_next_dist_1ybzpk2._.js:2477
[  850328ms] [LOG] [Fast Refresh] done in 2083ms @ http://localhost:3457/_next/static/chunks/node_modules_next_dist_1ybzpk2._.js:2477
[  850702ms] [LOG] [Fast Refresh] rebuilding @ http://localhost:3457/_next/static/chunks/node_modules_next_dist_1ybzpk2._.js:2477
[  850775ms] [LOG] [Fast Refresh] done in 175ms @ http://localhost:3457/_next/static/chunks/node_modules_next_dist_1ybzpk2._.js:2477
[  851968ms] [INFO] %cDownload the React DevTools for a better development experience: https://react.dev/link/react-devtools font-weight:bold @ http://localhost:3457/_next/static/chunks/node_modules_next_dist_1ybzpk2._.js:2477
[  852075ms] [LOG] [HMR] connected @ http://localhost:3457/_next/static/chunks/node_modules_next_dist_1ybzpk2._.js:2477
[  855142ms] [WARNING] The resource http://localhost:3457/_next/static/media/5e3a2858f2997077-s.p.1t1ox7t-8xjh-.woff2 was preloaded using link preload but not used within a few seconds from the window's load event. Please make sure it has an appropriate `as` value and it is preloaded intentionally. @ http://localhost:3457/:0
[  855142ms] [WARNING] The resource http://localhost:3457/_next/static/media/70bc3e132a0a741e-s.p.3t6q91iet4nsy.woff2 was preloaded using link preload but not used within a few seconds from the window's load event. Please make sure it has an appropriate `as` value and it is preloaded intentionally. @ http://localhost:3457/:0
[  856207ms] [LOG] [Fast Refresh] rebuilding @ http://localhost:3457/_next/static/chunks/node_modules_next_dist_1ybzpk2._.js:2477
[  856244ms] [LOG] [Fast Refresh] done in 23ms @ http://localhost:3457/_next/static/chunks/node_modules_next_dist_1ybzpk2._.js:2477
[  908764ms] [LOG] [Fast Refresh] rebuilding @ http://localhost:3457/_next/static/chunks/node_modules_next_dist_1ybzpk2._.js:2477
[  909688ms] [LOG] [Fast Refresh] done in 1031ms @ http://localhost:3457/_next/static/chunks/node_modules_next_dist_1ybzpk2._.js:2477
[  909791ms] [LOG] [Fast Refresh] rebuilding @ http://localhost:3457/_next/static/chunks/node_modules_next_dist_1ybzpk2._.js:2477
[  909893ms] [LOG] [Fast Refresh] done in 203ms @ http://localhost:3457/_next/static/chunks/node_modules_next_dist_1ybzpk2._.js:2477
[  940040ms] [LOG] [Fast Refresh] rebuilding @ http://localhost:3457/_next/static/chunks/node_modules_next_dist_1ybzpk2._.js:2477
[  940046ms] [LOG] [Fast Refresh] done in 108ms @ http://localhost:3457/_next/static/chunks/node_modules_next_dist_1ybzpk2._.js:2477
[  945457ms] [LOG] [Fast Refresh] rebuilding @ http://localhost:3457/_next/static/chunks/node_modules_next_dist_1ybzpk2._.js:2477
[  945621ms] [LOG] [Fast Refresh] done in 206ms @ http://localhost:3457/_next/static/chunks/node_modules_next_dist_1ybzpk2._.js:2477
